******************************************************************************
                  TI ARM Linker PC v5.2.4                      
******************************************************************************
>> Linked Thu Oct 01 15:27:22 2015

OUTPUT FILE NAME:   <Nokia5110_example.out>
ENTRY POINT SYMBOL: "_c_int00"  address: 00004835


MEMORY CONFIGURATION

         name            origin    length      used     unused   attr    fill
----------------------  --------  ---------  --------  --------  ----  --------
  FLASH                 00000000   00040000  00004a2a  0003b5d6  R  X
  SRAM                  20000000   00008000  00000340  00007cc0  RW X


SEGMENT ALLOCATION MAP

run origin  load origin   length   init length attrs members
----------  ----------- ---------- ----------- ----- -------
00000000    00000000    00004a30   00004a30    r-x
  00000000    00000000    0000026c   0000026c    r-- .intvecs
  0000026c    0000026c    00004786   00004786    r-x .text
  000049f8    000049f8    00000038   00000038    r-- .cinit
20000000    20000000    00000340   00000000    rw-
  20000000    20000000    00000200   00000000    rw- .stack
  20000200    20000200    00000128   00000000    rw- .bss
  20000328    20000328    00000018   00000000    rw- .data


SECTION ALLOCATION MAP

 output                                  attributes/
section   page    origin      length       input sections
--------  ----  ----------  ----------   ----------------
.intvecs   0    00000000    0000026c     
                  00000000    0000026c     tm4c123gh6pm_startup_ccs.obj (.intvecs)

.text      0    0000026c    00004786     
                  0000026c    00002ea8     Nokia5110.obj (.text)
                  00003114    000011f2     main.obj (.text)
                  00004306    00000002     --HOLE-- [fill = 0]
                  00004308    000002d4     rtsv7M4_T_le_v4SPD16_eabi.lib : trgdrv.obj (.text)
                  000045dc    0000009c                                   : memcpy_t2.obj (.text)
                  00004678    0000007a                                   : memset_t2.obj (.text)
                  000046f2    00000002     --HOLE-- [fill = 0]
                  000046f4    0000006c                                   : autoinit.obj (.text)
                  00004760    0000006a                                   : copy_decompress_rle.obj (.text)
                  000047ca    00000002     --HOLE-- [fill = 0]
                  000047cc    00000068                                   : trgmsg.obj (.text)
                  00004834    00000050                                   : boot.obj (.text)
                  00004884    0000004c                                   : cpy_tbl.obj (.text)
                  000048d0    0000004c                                   : rand.obj (.text)
                  0000491c    00000044                                   : exit.obj (.text)
                  00004960    00000018                                   : args_main.obj (.text)
                  00004978    00000014                                   : _lock.obj (.text)
                  0000498c    00000014                                   : strcpy.obj (.text)
                  000049a0    00000014                                   : strlen.obj (.text)
                  000049b4    0000000e                                   : copy_decompress_none.obj (.text:decompress:none)
                  000049c2    0000000e                                   : time.obj (.text)
                  000049d0    0000000c                                   : copy_zero_init.obj (.text:decompress:ZI)
                  000049dc    0000000c     tm4c123gh6pm_startup_ccs.obj (.text)
                  000049e8    00000006     rtsv7M4_T_le_v4SPD16_eabi.lib : copy_decompress_rle.obj (.text:decompress:rle24)
                  000049ee    00000004                                   : pre_init.obj (.text)

.cinit     0    000049f8    00000038     
                  000049f8    00000013     (.cinit..data.load) [load image, compression = rle]
                  00004a0b    00000001     --HOLE-- [fill = 0]
                  00004a0c    0000000c     (__TI_handler_table)
                  00004a18    00000008     (.cinit..bss.load) [load image, compression = zero_init]
                  00004a20    00000010     (__TI_cinit_table)

.init_array 
*          0    00000000    00000000     UNINITIALIZED

.stack     0    20000000    00000200     UNINITIALIZED
                  20000000    00000200     --HOLE--

.bss       0    20000200    00000128     UNINITIALIZED
                  20000200    00000120     rtsv7M4_T_le_v4SPD16_eabi.lib : trgmsg.obj (.bss:__CIOBUF_)
                  20000320    00000008     (.common:parmbuf)

.TI.noinit 
*          0    20000200    00000000     UNINITIALIZED

.data      0    20000328    00000018     UNINITIALIZED
                  20000328    00000008     rtsv7M4_T_le_v4SPD16_eabi.lib : _lock.obj (.data)
                  20000330    00000008                                   : exit.obj (.data)
                  20000338    00000004                                   : rand.obj (.data)
                  2000033c    00000004                                   : stkdepth_vars.obj (.data)

.TI.persistent 
*          0    20000328    00000000     UNINITIALIZED


LINKER GENERATED COPY TABLES

__TI_cinit_table @ 00004a20 records: 2, size/record: 8, table size: 16
	.data: load addr=000049f8, load size=00000013 bytes, run addr=20000328, run size=00000018 bytes, compression=rle
	.bss: load addr=00004a18, load size=00000008 bytes, run addr=20000200, run size=00000128 bytes, compression=zero_init


LINKER GENERATED HANDLER TABLE

__TI_handler_table @ 00004a0c records: 3, size/record: 4, table size: 12
	index: 0, handler: __TI_decompress_rle24
	index: 1, handler: __TI_decompress_none
	index: 2, handler: __TI_zero_init


GLOBAL SYMBOLS: SORTED ALPHABETICALLY BY Name 

address   name                    
-------   ----                    
0000491d  C$$EXIT                 
000047fb  C$$IO$$                 
00004595  HOSTclock               
0000455d  HOSTclose               
0000451f  HOSTgetenv              
000044c3  HOSTlseek               
00004471  HOSTopen                
00004425  HOSTread                
000043c7  HOSTrename              
0000438d  HOSTtime                
00004355  HOSTunlink              
00004309  HOSTwrite               
000049dd  ResetISR                
UNDEFED   SHT$$INIT_ARRAY$$Base   
UNDEFED   SHT$$INIT_ARRAY$$Limit  
0000319b  SysTick_Init            
00003155  SysTick_Wait            
00003175  SysTick_Wait50ms        
20000200  __CIOBUF_               
20000200  __STACK_END             
00000200  __STACK_SIZE            
20000200  __STACK_TOP             
00004a20  __TI_CINIT_Base         
00004a30  __TI_CINIT_Limit        
00004a0c  __TI_Handler_Table_Base 
00004a18  __TI_Handler_Table_Limit
000046f5  __TI_auto_init          
20000330  __TI_cleanup_ptr        
000049b5  __TI_decompress_none    
000049e9  __TI_decompress_rle24   
20000334  __TI_dtors_ptr          
000047ff  __TI_readmsg            
00000000  __TI_static_base__      
000047cd  __TI_writemsg           
000049d1  __TI_zero_init          
00004679  __aeabi_memclr          
00004679  __aeabi_memclr4         
00004679  __aeabi_memclr8         
000045dd  __aeabi_memcpy          
000045dd  __aeabi_memcpy4         
000045dd  __aeabi_memcpy8         
0000467b  __aeabi_memset          
0000467b  __aeabi_memset4         
0000467b  __aeabi_memset8         
ffffffff  __binit__               
ffffffff  __c_args__              
20000000  __stack                 
00004961  _args_main              
00004835  _c_int00                
20000328  _lock                   
00004987  _nop                    
0000497f  _register_lock          
00004979  _register_unlock        
000049ef  _system_pre_init        
2000032c  _unlock                 
00004921  abort                   
ffffffff  binit                   
000003f1  char_write              
000024b7  clear_columns           
0000026d  clear_screen            
00004885  copy_in                 
000024ab  disable_backlight       
0000249f  enable_backlight        
00004929  exit                    
000024ed  fill_screen             
00000000  g_pfnVectors            
00002e81  get_character_length    
0000239b  initialize_screen       
0000029b  lcd_write               
00003981  logo_aprendiz           
000031c9  logo_ieee               
00003115  main                    
2000033c  main_func_sp            
000045dd  memcpy                  
00004681  memset                  
000048e7  rand                    
00002535  screen_write            
000027db  set_Y_position_bottom   
0000286f  set_Y_position_centre   
000048d1  srand                   
00002903  startSSI0               
00002a09  startSSI1               
00002b51  startSSI2               
00002c99  startSSI3               
0000498d  strcpy                  
000049a1  strlen                  
000049c3  time                    


GLOBAL SYMBOLS: SORTED BY Symbol Address 

address   name                    
-------   ----                    
00000000  __TI_static_base__      
00000000  g_pfnVectors            
00000200  __STACK_SIZE            
0000026d  clear_screen            
0000029b  lcd_write               
000003f1  char_write              
0000239b  initialize_screen       
0000249f  enable_backlight        
000024ab  disable_backlight       
000024b7  clear_columns           
000024ed  fill_screen             
00002535  screen_write            
000027db  set_Y_position_bottom   
0000286f  set_Y_position_centre   
00002903  startSSI0               
00002a09  startSSI1               
00002b51  startSSI2               
00002c99  startSSI3               
00002e81  get_character_length    
00003115  main                    
00003155  SysTick_Wait            
00003175  SysTick_Wait50ms        
0000319b  SysTick_Init            
000031c9  logo_ieee               
00003981  logo_aprendiz           
00004309  HOSTwrite               
00004355  HOSTunlink              
0000438d  HOSTtime                
000043c7  HOSTrename              
00004425  HOSTread                
00004471  HOSTopen                
000044c3  HOSTlseek               
0000451f  HOSTgetenv              
0000455d  HOSTclose               
00004595  HOSTclock               
000045dd  __aeabi_memcpy          
000045dd  __aeabi_memcpy4         
000045dd  __aeabi_memcpy8         
000045dd  memcpy                  
00004679  __aeabi_memclr          
00004679  __aeabi_memclr4         
00004679  __aeabi_memclr8         
0000467b  __aeabi_memset          
0000467b  __aeabi_memset4         
0000467b  __aeabi_memset8         
00004681  memset                  
000046f5  __TI_auto_init          
000047cd  __TI_writemsg           
000047fb  C$$IO$$                 
000047ff  __TI_readmsg            
00004835  _c_int00                
00004885  copy_in                 
000048d1  srand                   
000048e7  rand                    
0000491d  C$$EXIT                 
00004921  abort                   
00004929  exit                    
00004961  _args_main              
00004979  _register_unlock        
0000497f  _register_lock          
00004987  _nop                    
0000498d  strcpy                  
000049a1  strlen                  
000049b5  __TI_decompress_none    
000049c3  time                    
000049d1  __TI_zero_init          
000049dd  ResetISR                
000049e9  __TI_decompress_rle24   
000049ef  _system_pre_init        
00004a0c  __TI_Handler_Table_Base 
00004a18  __TI_Handler_Table_Limit
00004a20  __TI_CINIT_Base         
00004a30  __TI_CINIT_Limit        
20000000  __stack                 
20000200  __CIOBUF_               
20000200  __STACK_END             
20000200  __STACK_TOP             
20000328  _lock                   
2000032c  _unlock                 
20000330  __TI_cleanup_ptr        
20000334  __TI_dtors_ptr          
2000033c  main_func_sp            
ffffffff  __binit__               
ffffffff  __c_args__              
ffffffff  binit                   
UNDEFED   SHT$$INIT_ARRAY$$Base   
UNDEFED   SHT$$INIT_ARRAY$$Limit  

[87 symbols]
