******************************************************************************
                  TI ARM Linker PC v5.2.4                      
******************************************************************************
>> Linked Sun Nov 29 21:25:07 2015

OUTPUT FILE NAME:   <Nokia5110_example.out>
ENTRY POINT SYMBOL: "_c_int00"  address: 00003741


MEMORY CONFIGURATION

         name            origin    length      used     unused   attr    fill
----------------------  --------  ---------  --------  --------  ----  --------
  FLASH                 00000000   00040000  00003936  0003c6ca  R  X
  SRAM                  20000000   00008000  00000340  00007cc0  RW X


SEGMENT ALLOCATION MAP

run origin  load origin   length   init length attrs members
----------  ----------- ---------- ----------- ----- -------
00000000    00000000    00003938   00003938    r-x
  00000000    00000000    0000026c   0000026c    r-- .intvecs
  0000026c    0000026c    00003692   00003692    r-x .text
  00003900    00003900    00000038   00000038    r-- .cinit
20000000    20000000    00000340   00000000    rw-
  20000000    20000000    00000200   00000000    rw- .stack
  20000200    20000200    00000128   00000000    rw- .bss
  20000328    20000328    00000018   00000000    rw- .data


SECTION ALLOCATION MAP

 output                                  attributes/
section   page    origin      length       input sections
--------  ----  ----------  ----------   ----------------
.intvecs   0    00000000    0000026c     
                  00000000    0000026c     tm4c123gh6pm_startup_ccs.obj (.intvecs)

.text      0    0000026c    00003692     
                  0000026c    00002f08     Nokia5110.obj (.text)
                  00003174    000002d4     rtsv7M4_T_le_v4SPD16_eabi.lib : trgdrv.obj (.text)
                  00003448    000000a0     main.obj (.text)
                  000034e8    0000009c     rtsv7M4_T_le_v4SPD16_eabi.lib : memcpy_t2.obj (.text)
                  00003584    0000007a                                   : memset_t2.obj (.text)
                  000035fe    00000002     --HOLE-- [fill = 0]
                  00003600    0000006c                                   : autoinit.obj (.text)
                  0000366c    0000006a                                   : copy_decompress_rle.obj (.text)
                  000036d6    00000002     --HOLE-- [fill = 0]
                  000036d8    00000068                                   : trgmsg.obj (.text)
                  00003740    00000050                                   : boot.obj (.text)
                  00003790    0000004c                                   : cpy_tbl.obj (.text)
                  000037dc    0000004c                                   : rand.obj (.text)
                  00003828    00000044                                   : exit.obj (.text)
                  0000386c    00000018                                   : args_main.obj (.text)
                  00003884    00000014                                   : _lock.obj (.text)
                  00003898    00000014                                   : strcpy.obj (.text)
                  000038ac    00000014                                   : strlen.obj (.text)
                  000038c0    0000000e                                   : copy_decompress_none.obj (.text:decompress:none)
                  000038ce    0000000e                                   : time.obj (.text)
                  000038dc    0000000c                                   : copy_zero_init.obj (.text:decompress:ZI)
                  000038e8    0000000c     tm4c123gh6pm_startup_ccs.obj (.text)
                  000038f4    00000006     rtsv7M4_T_le_v4SPD16_eabi.lib : copy_decompress_rle.obj (.text:decompress:rle24)
                  000038fa    00000004                                   : pre_init.obj (.text)

.cinit     0    00003900    00000038     
                  00003900    00000013     (.cinit..data.load) [load image, compression = rle]
                  00003913    00000001     --HOLE-- [fill = 0]
                  00003914    0000000c     (__TI_handler_table)
                  00003920    00000008     (.cinit..bss.load) [load image, compression = zero_init]
                  00003928    00000010     (__TI_cinit_table)

.init_array 
*          0    00000000    00000000     UNINITIALIZED

.stack     0    20000000    00000200     UNINITIALIZED
                  20000000    00000200     --HOLE--

.bss       0    20000200    00000128     UNINITIALIZED
                  20000200    00000120     rtsv7M4_T_le_v4SPD16_eabi.lib : trgmsg.obj (.bss:__CIOBUF_)
                  20000320    00000008     (.common:parmbuf)

.TI.noinit 
*          0    20000200    00000000     UNINITIALIZED

.data      0    20000328    00000018     UNINITIALIZED
                  20000328    00000008     rtsv7M4_T_le_v4SPD16_eabi.lib : _lock.obj (.data)
                  20000330    00000008                                   : exit.obj (.data)
                  20000338    00000004                                   : rand.obj (.data)
                  2000033c    00000004                                   : stkdepth_vars.obj (.data)

.TI.persistent 
*          0    20000328    00000000     UNINITIALIZED


LINKER GENERATED COPY TABLES

__TI_cinit_table @ 00003928 records: 2, size/record: 8, table size: 16
	.data: load addr=00003900, load size=00000013 bytes, run addr=20000328, run size=00000018 bytes, compression=rle
	.bss: load addr=00003920, load size=00000008 bytes, run addr=20000200, run size=00000128 bytes, compression=zero_init


LINKER GENERATED HANDLER TABLE

__TI_handler_table @ 00003914 records: 3, size/record: 4, table size: 12
	index: 0, handler: __TI_decompress_rle24
	index: 1, handler: __TI_decompress_none
	index: 2, handler: __TI_zero_init


GLOBAL SYMBOLS: SORTED ALPHABETICALLY BY Name 

address   name                    
-------   ----                    
00003829  C$$EXIT                 
00003707  C$$IO$$                 
00003401  HOSTclock               
000033c9  HOSTclose               
0000338b  HOSTgetenv              
0000332f  HOSTlseek               
000032dd  HOSTopen                
00003291  HOSTread                
00003233  HOSTrename              
000031f9  HOSTtime                
000031c1  HOSTunlink              
00003175  HOSTwrite               
000038e9  ResetISR                
UNDEFED   SHT$$INIT_ARRAY$$Base   
UNDEFED   SHT$$INIT_ARRAY$$Limit  
000034b9  SysTick_Init            
00003473  SysTick_Wait            
00003493  SysTick_Wait50ms        
20000200  __CIOBUF_               
20000200  __STACK_END             
00000200  __STACK_SIZE            
20000200  __STACK_TOP             
00003928  __TI_CINIT_Base         
00003938  __TI_CINIT_Limit        
00003914  __TI_Handler_Table_Base 
00003920  __TI_Handler_Table_Limit
00003601  __TI_auto_init          
20000330  __TI_cleanup_ptr        
000038c1  __TI_decompress_none    
000038f5  __TI_decompress_rle24   
20000334  __TI_dtors_ptr          
0000370b  __TI_readmsg            
00000000  __TI_static_base__      
000036d9  __TI_writemsg           
000038dd  __TI_zero_init          
00003585  __aeabi_memclr          
00003585  __aeabi_memclr4         
00003585  __aeabi_memclr8         
000034e9  __aeabi_memcpy          
000034e9  __aeabi_memcpy4         
000034e9  __aeabi_memcpy8         
00003587  __aeabi_memset          
00003587  __aeabi_memset4         
00003587  __aeabi_memset8         
ffffffff  __binit__               
ffffffff  __c_args__              
20000000  __stack                 
0000386d  _args_main              
00003741  _c_int00                
20000328  _lock                   
00003893  _nop                    
0000388b  _register_lock          
00003885  _register_unlock        
000038fb  _system_pre_init        
2000032c  _unlock                 
0000382d  abort                   
ffffffff  binit                   
000003f1  char_write              
00002547  clear_columns           
0000026d  clear_screen            
00003791  copy_in                 
000024f3  disable_backlight       
0000249f  enable_backlight        
00003835  exit                    
0000257d  fill_screen             
00000000  g_pfnVectors            
00002ee1  get_character_length    
0000239b  initialize_screen       
0000029b  lcd_write               
00003449  main                    
2000033c  main_func_sp            
000034e9  memcpy                  
0000358d  memset                  
000037f3  rand                    
000025c5  screen_write            
0000286b  set_Y_position_bottom   
000028ff  set_Y_position_centre   
000037dd  srand                   
00002993  startSSI0               
00002a99  startSSI1               
00002bd7  startSSI2               
00002d11  startSSI3               
00003899  strcpy                  
000038ad  strlen                  
000038cf  time                    


GLOBAL SYMBOLS: SORTED BY Symbol Address 

address   name                    
-------   ----                    
00000000  __TI_static_base__      
00000000  g_pfnVectors            
00000200  __STACK_SIZE            
0000026d  clear_screen            
0000029b  lcd_write               
000003f1  char_write              
0000239b  initialize_screen       
0000249f  enable_backlight        
000024f3  disable_backlight       
00002547  clear_columns           
0000257d  fill_screen             
000025c5  screen_write            
0000286b  set_Y_position_bottom   
000028ff  set_Y_position_centre   
00002993  startSSI0               
00002a99  startSSI1               
00002bd7  startSSI2               
00002d11  startSSI3               
00002ee1  get_character_length    
00003175  HOSTwrite               
000031c1  HOSTunlink              
000031f9  HOSTtime                
00003233  HOSTrename              
00003291  HOSTread                
000032dd  HOSTopen                
0000332f  HOSTlseek               
0000338b  HOSTgetenv              
000033c9  HOSTclose               
00003401  HOSTclock               
00003449  main                    
00003473  SysTick_Wait            
00003493  SysTick_Wait50ms        
000034b9  SysTick_Init            
000034e9  __aeabi_memcpy          
000034e9  __aeabi_memcpy4         
000034e9  __aeabi_memcpy8         
000034e9  memcpy                  
00003585  __aeabi_memclr          
00003585  __aeabi_memclr4         
00003585  __aeabi_memclr8         
00003587  __aeabi_memset          
00003587  __aeabi_memset4         
00003587  __aeabi_memset8         
0000358d  memset                  
00003601  __TI_auto_init          
000036d9  __TI_writemsg           
00003707  C$$IO$$                 
0000370b  __TI_readmsg            
00003741  _c_int00                
00003791  copy_in                 
000037dd  srand                   
000037f3  rand                    
00003829  C$$EXIT                 
0000382d  abort                   
00003835  exit                    
0000386d  _args_main              
00003885  _register_unlock        
0000388b  _register_lock          
00003893  _nop                    
00003899  strcpy                  
000038ad  strlen                  
000038c1  __TI_decompress_none    
000038cf  time                    
000038dd  __TI_zero_init          
000038e9  ResetISR                
000038f5  __TI_decompress_rle24   
000038fb  _system_pre_init        
00003914  __TI_Handler_Table_Base 
00003920  __TI_Handler_Table_Limit
00003928  __TI_CINIT_Base         
00003938  __TI_CINIT_Limit        
20000000  __stack                 
20000200  __CIOBUF_               
20000200  __STACK_END             
20000200  __STACK_TOP             
20000328  _lock                   
2000032c  _unlock                 
20000330  __TI_cleanup_ptr        
20000334  __TI_dtors_ptr          
2000033c  main_func_sp            
ffffffff  __binit__               
ffffffff  __c_args__              
ffffffff  binit                   
UNDEFED   SHT$$INIT_ARRAY$$Base   
UNDEFED   SHT$$INIT_ARRAY$$Limit  

[85 symbols]
